<?xml version="1.0" encoding="UTF-8"?>
<TestRun id="419b3c10-8e40-4448-bd86-6a483aba41bc" name="bruno.fernandes@NOTECCE 2014-01-29 21:10:54" runUser="NoteCCE\bruno.fernandes" xmlns="http://microsoft.com/schemas/VisualStudio/TeamTest/2010">
  <TestSettings name="Default Test Settings" id="f0d7e4c0-59b3-4889-8c17-ef6352ace6b6">
    <Deployment runDeploymentRoot="bruno.fernandes_NOTECCE 2014-01-29 21_10_54">
      <DeploymentItem filename="D:\Projeto\MercadoPleno\MPSC.Dojo\Projeto\[CaixaEletronico]\Bin\CaixaEletronico.dll" />
    </Deployment>
    <Execution>
      <TestTypeSpecific />
      <AgentRule name="Execution Agents">
      </AgentRule>
    </Execution>
  </TestSettings>
  <Times creation="2014-01-29T21:10:54.3733781-02:00" queuing="2014-01-29T21:10:54.5093859-02:00" start="2014-01-29T21:10:54.5233867-02:00" finish="2014-01-29T21:10:55.3964366-02:00" />
  <ResultSummary outcome="Failed">
    <Counters total="32" executed="32" passed="24" error="0" failed="8" timeout="0" aborted="0" inconclusive="0" passedButRunAborted="0" notRunnable="0" notExecuted="0" disconnected="0" warning="0" completed="0" inProgress="0" pending="0" />
  </ResultSummary>
  <TestDefinitions>
    <UnitTest name="Se_Tentar_Sacar_Centavos_ou_Valores_Menores_Que_10_Reais_Deve_Disparar_Excecao" storage="d:\projeto\mercadopleno\mpsc.dojo\projeto\[caixaeletronico]\bin\testproject1.dll" id="5cc7b6b5-1411-8e85-cfa1-aea5ff3ae8e1">
      <Execution id="124dea6b-8890-4576-b51c-ac402b243100" />
      <TestMethod codeBase="D:/Projeto/MercadoPleno/MPSC.Dojo/Projeto/[CaixaEletronico]/Bin/TestProject1.DLL" adapterTypeName="Microsoft.VisualStudio.TestTools.TestTypes.Unit.UnitTestAdapter, Microsoft.VisualStudio.QualityTools.Tips.UnitTest.Adapter, Version=10.0.0.0, Culture=neutral, PublicKeyToken=b03f5f7f11d50a3a" className="TestProject1.SaqueTest, TestProject1, Version=1.0.0.0, Culture=neutral, PublicKeyToken=null" name="Se_Tentar_Sacar_Centavos_ou_Valores_Menores_Que_10_Reais_Deve_Disparar_Excecao" />
    </UnitTest>
    <UnitTest name="Se_Clonar_10_Nota50_Deve_Retornar_10_Notas_de_50_Reais" storage="d:\projeto\mercadopleno\mpsc.dojo\projeto\[caixaeletronico]\bin\testproject1.dll" id="80044c07-c8ee-f918-ee80-e471e604d7db">
      <Execution id="1ad0feba-27b8-4b3b-9339-c1f0bfe28f5f" />
      <TestMethod codeBase="D:/Projeto/MercadoPleno/MPSC.Dojo/Projeto/[CaixaEletronico]/Bin/TestProject1.DLL" adapterTypeName="Microsoft.VisualStudio.TestTools.TestTypes.Unit.UnitTestAdapter, Microsoft.VisualStudio.QualityTools.Tips.UnitTest.Adapter, Version=10.0.0.0, Culture=neutral, PublicKeyToken=b03f5f7f11d50a3a" className="TestProject1.NotaTest, TestProject1, Version=1.0.0.0, Culture=neutral, PublicKeyToken=null" name="Se_Clonar_10_Nota50_Deve_Retornar_10_Notas_de_50_Reais" />
    </UnitTest>
    <UnitTest name="Se_Sacar_30_Reais_Deve_Retornar_1_Nota_de_20_Reais_e_1_Nota_de_10_Reais" storage="d:\projeto\mercadopleno\mpsc.dojo\projeto\[caixaeletronico]\bin\testproject1.dll" id="300b6de9-d0dc-1a87-dfbe-f0df6e7f5586">
      <Execution id="b7f18879-7e76-4a57-8797-d8ab1b034d85" />
      <TestMethod codeBase="D:/Projeto/MercadoPleno/MPSC.Dojo/Projeto/[CaixaEletronico]/Bin/TestProject1.DLL" adapterTypeName="Microsoft.VisualStudio.TestTools.TestTypes.Unit.UnitTestAdapter, Microsoft.VisualStudio.QualityTools.Tips.UnitTest.Adapter, Version=10.0.0.0, Culture=neutral, PublicKeyToken=b03f5f7f11d50a3a" className="TestProject1.SaqueTest, TestProject1, Version=1.0.0.0, Culture=neutral, PublicKeyToken=null" name="Se_Sacar_30_Reais_Deve_Retornar_1_Nota_de_20_Reais_e_1_Nota_de_10_Reais" />
    </UnitTest>
    <UnitTest name="Se_Sacar_100_Reais_Deve_Retornar_1_Nota_de_100_Reais" storage="d:\projeto\mercadopleno\mpsc.dojo\projeto\[caixaeletronico]\bin\testproject1.dll" id="704680a5-4ea5-56e8-1845-06251993585e">
      <Execution id="21c12111-b5ee-4302-8093-42256345acee" />
      <TestMethod codeBase="D:/Projeto/MercadoPleno/MPSC.Dojo/Projeto/[CaixaEletronico]/Bin/TestProject1.DLL" adapterTypeName="Microsoft.VisualStudio.TestTools.TestTypes.Unit.UnitTestAdapter, Microsoft.VisualStudio.QualityTools.Tips.UnitTest.Adapter, Version=10.0.0.0, Culture=neutral, PublicKeyToken=b03f5f7f11d50a3a" className="TestProject1.SaqueTest, TestProject1, Version=1.0.0.0, Culture=neutral, PublicKeyToken=null" name="Se_Sacar_100_Reais_Deve_Retornar_1_Nota_de_100_Reais" />
    </UnitTest>
    <UnitTest name="Se_Clonar_10_Nota100_Deve_Retornar_10_Notas_de_100_Reais" storage="d:\projeto\mercadopleno\mpsc.dojo\projeto\[caixaeletronico]\bin\testproject1.dll" id="ed9e88f8-debe-02e0-c578-2981478b820e">
      <Execution id="d4c3b462-d2f4-4dad-be83-a0a84d35c9bd" />
      <TestMethod codeBase="D:/Projeto/MercadoPleno/MPSC.Dojo/Projeto/[CaixaEletronico]/Bin/TestProject1.DLL" adapterTypeName="Microsoft.VisualStudio.TestTools.TestTypes.Unit.UnitTestAdapter, Microsoft.VisualStudio.QualityTools.Tips.UnitTest.Adapter, Version=10.0.0.0, Culture=neutral, PublicKeyToken=b03f5f7f11d50a3a" className="TestProject1.NotaTest, TestProject1, Version=1.0.0.0, Culture=neutral, PublicKeyToken=null" name="Se_Clonar_10_Nota100_Deve_Retornar_10_Notas_de_100_Reais" />
    </UnitTest>
    <UnitTest name="Se_Comparar_Uma_Nota_de_20_Reais_Com_Outra_Nota_De_10_Reais_a_Comparacao_Deve_Retornar_1_Positivo" storage="d:\projeto\mercadopleno\mpsc.dojo\projeto\[caixaeletronico]\bin\testproject1.dll" id="de16fd6c-5a2b-44da-e81b-4f630ecf4796">
      <Execution id="93590e60-5f66-401d-b6df-451b31afc559" />
      <TestMethod codeBase="D:/Projeto/MercadoPleno/MPSC.Dojo/Projeto/[CaixaEletronico]/Bin/TestProject1.DLL" adapterTypeName="Microsoft.VisualStudio.TestTools.TestTypes.Unit.UnitTestAdapter, Microsoft.VisualStudio.QualityTools.Tips.UnitTest.Adapter, Version=10.0.0.0, Culture=neutral, PublicKeyToken=b03f5f7f11d50a3a" className="TestProject1.NotaTest, TestProject1, Version=1.0.0.0, Culture=neutral, PublicKeyToken=null" name="Se_Comparar_Uma_Nota_de_20_Reais_Com_Outra_Nota_De_10_Reais_a_Comparacao_Deve_Retornar_1_Positivo" />
    </UnitTest>
    <UnitTest name="Se_Clonar_10_Nota5_Deve_Retornar_10_Notas_de_5_Reais" storage="d:\projeto\mercadopleno\mpsc.dojo\projeto\[caixaeletronico]\bin\testproject1.dll" id="20a542dd-9550-7f48-a2d1-cd115ec38b68">
      <Execution id="ba80d781-a3a1-47ed-b08a-925fa959e716" />
      <TestMethod codeBase="D:/Projeto/MercadoPleno/MPSC.Dojo/Projeto/[CaixaEletronico]/Bin/TestProject1.DLL" adapterTypeName="Microsoft.VisualStudio.TestTools.TestTypes.Unit.UnitTestAdapter, Microsoft.VisualStudio.QualityTools.Tips.UnitTest.Adapter, Version=10.0.0.0, Culture=neutral, PublicKeyToken=b03f5f7f11d50a3a" className="TestProject1.NotaTest, TestProject1, Version=1.0.0.0, Culture=neutral, PublicKeyToken=null" name="Se_Clonar_10_Nota5_Deve_Retornar_10_Notas_de_5_Reais" />
    </UnitTest>
    <UnitTest name="Se_Sacar_190_Reais_Deve_Retornar_1_Nota_de_100_Reais_1_Nota_de_50_Reais_2_Notas_de_20_Reais_e_0_Notas_de_10_Reais" storage="d:\projeto\mercadopleno\mpsc.dojo\projeto\[caixaeletronico]\bin\testproject1.dll" id="197b5169-cc06-f432-df95-c320417e284f">
      <Execution id="a744c591-0808-41ca-b6f0-ef4ac6c733fd" />
      <TestMethod codeBase="D:/Projeto/MercadoPleno/MPSC.Dojo/Projeto/[CaixaEletronico]/Bin/TestProject1.DLL" adapterTypeName="Microsoft.VisualStudio.TestTools.TestTypes.Unit.UnitTestAdapter, Microsoft.VisualStudio.QualityTools.Tips.UnitTest.Adapter, Version=10.0.0.0, Culture=neutral, PublicKeyToken=b03f5f7f11d50a3a" className="TestProject1.SaqueTest, TestProject1, Version=1.0.0.0, Culture=neutral, PublicKeyToken=null" name="Se_Sacar_190_Reais_Deve_Retornar_1_Nota_de_100_Reais_1_Nota_de_50_Reais_2_Notas_de_20_Reais_e_0_Notas_de_10_Reais" />
    </UnitTest>
    <UnitTest name="Se_Tentar_Sacar_Valores_Maiores_e_Nao_Multiplos_de_10_Reais_Deve_Disparar_Excecao" storage="d:\projeto\mercadopleno\mpsc.dojo\projeto\[caixaeletronico]\bin\testproject1.dll" id="b4cb7266-3ac4-2c40-b6b1-7b72353912d7">
      <Execution id="cee1ab06-04e0-4799-9b98-2af72ad2a12a" />
      <TestMethod codeBase="D:/Projeto/MercadoPleno/MPSC.Dojo/Projeto/[CaixaEletronico]/Bin/TestProject1.DLL" adapterTypeName="Microsoft.VisualStudio.TestTools.TestTypes.Unit.UnitTestAdapter, Microsoft.VisualStudio.QualityTools.Tips.UnitTest.Adapter, Version=10.0.0.0, Culture=neutral, PublicKeyToken=b03f5f7f11d50a3a" className="TestProject1.SaqueTest, TestProject1, Version=1.0.0.0, Culture=neutral, PublicKeyToken=null" name="Se_Tentar_Sacar_Valores_Maiores_e_Nao_Multiplos_de_10_Reais_Deve_Disparar_Excecao" />
    </UnitTest>
    <UnitTest name="Se_Sacar_20_Reais_Deve_Retornar_1_Nota_de_20_Reais" storage="d:\projeto\mercadopleno\mpsc.dojo\projeto\[caixaeletronico]\bin\testproject1.dll" id="6e16e2f8-6dfa-d1ea-0438-ac6751dfb314">
      <Execution id="7150d6dc-b713-40dc-bae2-2ff28d98d537" />
      <TestMethod codeBase="D:/Projeto/MercadoPleno/MPSC.Dojo/Projeto/[CaixaEletronico]/Bin/TestProject1.DLL" adapterTypeName="Microsoft.VisualStudio.TestTools.TestTypes.Unit.UnitTestAdapter, Microsoft.VisualStudio.QualityTools.Tips.UnitTest.Adapter, Version=10.0.0.0, Culture=neutral, PublicKeyToken=b03f5f7f11d50a3a" className="TestProject1.SaqueTest, TestProject1, Version=1.0.0.0, Culture=neutral, PublicKeyToken=null" name="Se_Sacar_20_Reais_Deve_Retornar_1_Nota_de_20_Reais" />
    </UnitTest>
    <UnitTest name="Se_Sacar_180_Reais_Deve_Retornar_1_Nota_de_100_Reais_1_Nota_de_50_Reais_1_Nota_de_20_Reais_e_1_Nota_de_10_Reais" storage="d:\projeto\mercadopleno\mpsc.dojo\projeto\[caixaeletronico]\bin\testproject1.dll" id="a95c582e-4e43-0dde-2aad-13bd6187c9bc">
      <Execution id="79ffcd5d-9d03-4e7c-b034-84717b74f4c5" />
      <TestMethod codeBase="D:/Projeto/MercadoPleno/MPSC.Dojo/Projeto/[CaixaEletronico]/Bin/TestProject1.DLL" adapterTypeName="Microsoft.VisualStudio.TestTools.TestTypes.Unit.UnitTestAdapter, Microsoft.VisualStudio.QualityTools.Tips.UnitTest.Adapter, Version=10.0.0.0, Culture=neutral, PublicKeyToken=b03f5f7f11d50a3a" className="TestProject1.SaqueTest, TestProject1, Version=1.0.0.0, Culture=neutral, PublicKeyToken=null" name="Se_Sacar_180_Reais_Deve_Retornar_1_Nota_de_100_Reais_1_Nota_de_50_Reais_1_Nota_de_20_Reais_e_1_Nota_de_10_Reais" />
    </UnitTest>
    <UnitTest name="Se_Comparar_Uma_Nota_de_20_Reais_Com_Algum_Objeto_Que_Nao_Herda_De_Nota_a_Comparacao_Deve_Retornar_Zero" storage="d:\projeto\mercadopleno\mpsc.dojo\projeto\[caixaeletronico]\bin\testproject1.dll" id="09d99368-afcb-506a-1958-6522c5224b65">
      <Execution id="6d6300f4-170e-4898-b858-7090a3f7a135" />
      <TestMethod codeBase="D:/Projeto/MercadoPleno/MPSC.Dojo/Projeto/[CaixaEletronico]/Bin/TestProject1.DLL" adapterTypeName="Microsoft.VisualStudio.TestTools.TestTypes.Unit.UnitTestAdapter, Microsoft.VisualStudio.QualityTools.Tips.UnitTest.Adapter, Version=10.0.0.0, Culture=neutral, PublicKeyToken=b03f5f7f11d50a3a" className="TestProject1.NotaTest, TestProject1, Version=1.0.0.0, Culture=neutral, PublicKeyToken=null" name="Se_Comparar_Uma_Nota_de_20_Reais_Com_Algum_Objeto_Que_Nao_Herda_De_Nota_a_Comparacao_Deve_Retornar_Zero" />
    </UnitTest>
    <UnitTest name="Se_Sacar_10_Reais_Deve_Retornar_1_Nota_de_10_Reais" storage="d:\projeto\mercadopleno\mpsc.dojo\projeto\[caixaeletronico]\bin\testproject1.dll" id="f2cdae1c-5ebf-a493-0bc0-175f41d25da1">
      <Execution id="ea6a74da-7cac-4a60-be62-2b9dfa3b1cd3" />
      <TestMethod codeBase="D:/Projeto/MercadoPleno/MPSC.Dojo/Projeto/[CaixaEletronico]/Bin/TestProject1.DLL" adapterTypeName="Microsoft.VisualStudio.TestTools.TestTypes.Unit.UnitTestAdapter, Microsoft.VisualStudio.QualityTools.Tips.UnitTest.Adapter, Version=10.0.0.0, Culture=neutral, PublicKeyToken=b03f5f7f11d50a3a" className="TestProject1.SaqueTest, TestProject1, Version=1.0.0.0, Culture=neutral, PublicKeyToken=null" name="Se_Sacar_10_Reais_Deve_Retornar_1_Nota_de_10_Reais" />
    </UnitTest>
    <UnitTest name="Se_a_Nota_For_Uma_Nota_de_10_Reais_o_Valor_da_Nota_Deve_Ser_10" storage="d:\projeto\mercadopleno\mpsc.dojo\projeto\[caixaeletronico]\bin\testproject1.dll" id="930d456f-b8ae-0087-bd87-56faa6d32eba">
      <Execution id="fdcb8aef-f716-4950-80b3-b4dcc0796ecb" />
      <TestMethod codeBase="D:/Projeto/MercadoPleno/MPSC.Dojo/Projeto/[CaixaEletronico]/Bin/TestProject1.DLL" adapterTypeName="Microsoft.VisualStudio.TestTools.TestTypes.Unit.UnitTestAdapter, Microsoft.VisualStudio.QualityTools.Tips.UnitTest.Adapter, Version=10.0.0.0, Culture=neutral, PublicKeyToken=b03f5f7f11d50a3a" className="TestProject1.Nota10Test, TestProject1, Version=1.0.0.0, Culture=neutral, PublicKeyToken=null" name="Se_a_Nota_For_Uma_Nota_de_10_Reais_o_Valor_da_Nota_Deve_Ser_10" />
    </UnitTest>
    <UnitTest name="Se_a_Nota_For_Uma_Nota_de_100_Reais_o_Valor_da_Nota_Deve_Ser_100" storage="d:\projeto\mercadopleno\mpsc.dojo\projeto\[caixaeletronico]\bin\testproject1.dll" id="b67200fb-ea1e-a607-753e-c37b9458bbb6">
      <Execution id="ddf0df46-2551-4c1c-9b9b-84ae9ff76047" />
      <TestMethod codeBase="D:/Projeto/MercadoPleno/MPSC.Dojo/Projeto/[CaixaEletronico]/Bin/TestProject1.DLL" adapterTypeName="Microsoft.VisualStudio.TestTools.TestTypes.Unit.UnitTestAdapter, Microsoft.VisualStudio.QualityTools.Tips.UnitTest.Adapter, Version=10.0.0.0, Culture=neutral, PublicKeyToken=b03f5f7f11d50a3a" className="TestProject1.Nota100Test, TestProject1, Version=1.0.0.0, Culture=neutral, PublicKeyToken=null" name="Se_a_Nota_For_Uma_Nota_de_100_Reais_o_Valor_da_Nota_Deve_Ser_100" />
    </UnitTest>
    <UnitTest name="Se_Sacar_80_Reais_Deve_Retornar_1_Nota_de_50_Reais_1_Nota_de_20_Reais_e_1_Nota_de_10_Reais" storage="d:\projeto\mercadopleno\mpsc.dojo\projeto\[caixaeletronico]\bin\testproject1.dll" id="4797777f-bf26-36d3-2d38-6334817c033b">
      <Execution id="ddf8d0a5-bc77-4563-8062-e5bb089aae53" />
      <TestMethod codeBase="D:/Projeto/MercadoPleno/MPSC.Dojo/Projeto/[CaixaEletronico]/Bin/TestProject1.DLL" adapterTypeName="Microsoft.VisualStudio.TestTools.TestTypes.Unit.UnitTestAdapter, Microsoft.VisualStudio.QualityTools.Tips.UnitTest.Adapter, Version=10.0.0.0, Culture=neutral, PublicKeyToken=b03f5f7f11d50a3a" className="TestProject1.SaqueTest, TestProject1, Version=1.0.0.0, Culture=neutral, PublicKeyToken=null" name="Se_Sacar_80_Reais_Deve_Retornar_1_Nota_de_50_Reais_1_Nota_de_20_Reais_e_1_Nota_de_10_Reais" />
    </UnitTest>
    <UnitTest name="Se_Clonar_10_Nota2_Deve_Retornar_10_Notas_de_2_Reais" storage="d:\projeto\mercadopleno\mpsc.dojo\projeto\[caixaeletronico]\bin\testproject1.dll" id="22cd456a-186a-a466-38bb-b1e95e62ff48">
      <Execution id="267f09f3-2407-47c1-b26b-10fea20a5500" />
      <TestMethod codeBase="D:/Projeto/MercadoPleno/MPSC.Dojo/Projeto/[CaixaEletronico]/Bin/TestProject1.DLL" adapterTypeName="Microsoft.VisualStudio.TestTools.TestTypes.Unit.UnitTestAdapter, Microsoft.VisualStudio.QualityTools.Tips.UnitTest.Adapter, Version=10.0.0.0, Culture=neutral, PublicKeyToken=b03f5f7f11d50a3a" className="TestProject1.NotaTest, TestProject1, Version=1.0.0.0, Culture=neutral, PublicKeyToken=null" name="Se_Clonar_10_Nota2_Deve_Retornar_10_Notas_de_2_Reais" />
    </UnitTest>
    <UnitTest name="Se_Comparar_Uma_Nota_de_20_Reais_Com_Nulo_a_Comparacao_Deve_Retornar_Zero" storage="d:\projeto\mercadopleno\mpsc.dojo\projeto\[caixaeletronico]\bin\testproject1.dll" id="55ee2f92-aab3-9094-983f-8cc302925878">
      <Execution id="d3dd75d5-52dd-499c-b7d4-064cc54c46ea" />
      <TestMethod codeBase="D:/Projeto/MercadoPleno/MPSC.Dojo/Projeto/[CaixaEletronico]/Bin/TestProject1.DLL" adapterTypeName="Microsoft.VisualStudio.TestTools.TestTypes.Unit.UnitTestAdapter, Microsoft.VisualStudio.QualityTools.Tips.UnitTest.Adapter, Version=10.0.0.0, Culture=neutral, PublicKeyToken=b03f5f7f11d50a3a" className="TestProject1.NotaTest, TestProject1, Version=1.0.0.0, Culture=neutral, PublicKeyToken=null" name="Se_Comparar_Uma_Nota_de_20_Reais_Com_Nulo_a_Comparacao_Deve_Retornar_Zero" />
    </UnitTest>
    <UnitTest name="Se_Clonar_10_Nota10_Deve_Retornar_10_Notas_de_10_Reais" storage="d:\projeto\mercadopleno\mpsc.dojo\projeto\[caixaeletronico]\bin\testproject1.dll" id="29083e18-16cc-b146-14bb-a994d7dfb5b7">
      <Execution id="45b8ac3d-f730-484e-912f-bd5958785db4" />
      <TestMethod codeBase="D:/Projeto/MercadoPleno/MPSC.Dojo/Projeto/[CaixaEletronico]/Bin/TestProject1.DLL" adapterTypeName="Microsoft.VisualStudio.TestTools.TestTypes.Unit.UnitTestAdapter, Microsoft.VisualStudio.QualityTools.Tips.UnitTest.Adapter, Version=10.0.0.0, Culture=neutral, PublicKeyToken=b03f5f7f11d50a3a" className="TestProject1.NotaTest, TestProject1, Version=1.0.0.0, Culture=neutral, PublicKeyToken=null" name="Se_Clonar_10_Nota10_Deve_Retornar_10_Notas_de_10_Reais" />
    </UnitTest>
    <UnitTest name="Se_Comparar_Uma_Nota_de_20_Reais_Com_Outra_Nota_De_50_Reais_a_Comparacao_Deve_Retornar_1_Negativo" storage="d:\projeto\mercadopleno\mpsc.dojo\projeto\[caixaeletronico]\bin\testproject1.dll" id="66cb628d-7acc-c9b1-8631-f96ca7d344e0">
      <Execution id="028832f0-71e1-49f3-be46-1f8230269c6c" />
      <TestMethod codeBase="D:/Projeto/MercadoPleno/MPSC.Dojo/Projeto/[CaixaEletronico]/Bin/TestProject1.DLL" adapterTypeName="Microsoft.VisualStudio.TestTools.TestTypes.Unit.UnitTestAdapter, Microsoft.VisualStudio.QualityTools.Tips.UnitTest.Adapter, Version=10.0.0.0, Culture=neutral, PublicKeyToken=b03f5f7f11d50a3a" className="TestProject1.NotaTest, TestProject1, Version=1.0.0.0, Culture=neutral, PublicKeyToken=null" name="Se_Comparar_Uma_Nota_de_20_Reais_Com_Outra_Nota_De_50_Reais_a_Comparacao_Deve_Retornar_1_Negativo" />
    </UnitTest>
    <UnitTest name="Quando_Converter_Uma_Nota_de_50_Reais_Em_String_Deve_Retornar_RS_50_00" storage="d:\projeto\mercadopleno\mpsc.dojo\projeto\[caixaeletronico]\bin\testproject1.dll" id="ec342dcf-0526-54d2-8c18-ca38d305f76e">
      <Execution id="96f9529b-f2e1-4761-b0e0-32c0fa8d467c" />
      <TestMethod codeBase="D:/Projeto/MercadoPleno/MPSC.Dojo/Projeto/[CaixaEletronico]/Bin/TestProject1.DLL" adapterTypeName="Microsoft.VisualStudio.TestTools.TestTypes.Unit.UnitTestAdapter, Microsoft.VisualStudio.QualityTools.Tips.UnitTest.Adapter, Version=10.0.0.0, Culture=neutral, PublicKeyToken=b03f5f7f11d50a3a" className="TestProject1.NotaTest, TestProject1, Version=1.0.0.0, Culture=neutral, PublicKeyToken=null" name="Quando_Converter_Uma_Nota_de_50_Reais_Em_String_Deve_Retornar_RS_50_00" />
    </UnitTest>
    <UnitTest name="Se_a_Nota_For_Uma_Nota_de_5_Reais_o_Valor_da_Nota_Deve_Ser_5" storage="d:\projeto\mercadopleno\mpsc.dojo\projeto\[caixaeletronico]\bin\testproject1.dll" id="44dacb2b-9dfe-dbb3-d5c6-9677f3b62d3d">
      <Execution id="acc1bd81-8834-4a79-ab62-85d3d0d1d694" />
      <TestMethod codeBase="D:/Projeto/MercadoPleno/MPSC.Dojo/Projeto/[CaixaEletronico]/Bin/TestProject1.DLL" adapterTypeName="Microsoft.VisualStudio.TestTools.TestTypes.Unit.UnitTestAdapter, Microsoft.VisualStudio.QualityTools.Tips.UnitTest.Adapter, Version=10.0.0.0, Culture=neutral, PublicKeyToken=b03f5f7f11d50a3a" className="TestProject1.Nota5Test, TestProject1, Version=1.0.0.0, Culture=neutral, PublicKeyToken=null" name="Se_a_Nota_For_Uma_Nota_de_5_Reais_o_Valor_da_Nota_Deve_Ser_5" />
    </UnitTest>
    <UnitTest name="Quando_Converter_Uma_Nota_de_100_Reais_Em_String_Deve_Retornar_RS_100_00" storage="d:\projeto\mercadopleno\mpsc.dojo\projeto\[caixaeletronico]\bin\testproject1.dll" id="2107c396-686f-a326-6312-36d0c2bbc10a">
      <Execution id="32ed8b05-9812-4dec-bc10-15a32f7d9f1c" />
      <TestMethod codeBase="D:/Projeto/MercadoPleno/MPSC.Dojo/Projeto/[CaixaEletronico]/Bin/TestProject1.DLL" adapterTypeName="Microsoft.VisualStudio.TestTools.TestTypes.Unit.UnitTestAdapter, Microsoft.VisualStudio.QualityTools.Tips.UnitTest.Adapter, Version=10.0.0.0, Culture=neutral, PublicKeyToken=b03f5f7f11d50a3a" className="TestProject1.NotaTest, TestProject1, Version=1.0.0.0, Culture=neutral, PublicKeyToken=null" name="Quando_Converter_Uma_Nota_de_100_Reais_Em_String_Deve_Retornar_RS_100_00" />
    </UnitTest>
    <UnitTest name="Quando_Converter_Uma_Nota_de_20_Reais_Em_String_Deve_Retornar_RS_20_00" storage="d:\projeto\mercadopleno\mpsc.dojo\projeto\[caixaeletronico]\bin\testproject1.dll" id="860f946e-92b7-1543-98ff-8d2e7c3d4ef8">
      <Execution id="61bf3e70-bc18-492b-9cf2-c8bab98c203a" />
      <TestMethod codeBase="D:/Projeto/MercadoPleno/MPSC.Dojo/Projeto/[CaixaEletronico]/Bin/TestProject1.DLL" adapterTypeName="Microsoft.VisualStudio.TestTools.TestTypes.Unit.UnitTestAdapter, Microsoft.VisualStudio.QualityTools.Tips.UnitTest.Adapter, Version=10.0.0.0, Culture=neutral, PublicKeyToken=b03f5f7f11d50a3a" className="TestProject1.NotaTest, TestProject1, Version=1.0.0.0, Culture=neutral, PublicKeyToken=null" name="Quando_Converter_Uma_Nota_de_20_Reais_Em_String_Deve_Retornar_RS_20_00" />
    </UnitTest>
    <UnitTest name="Se_a_Nota_For_Uma_Nota_de_2_Reais_o_Valor_da_Nota_Deve_Ser_2" storage="d:\projeto\mercadopleno\mpsc.dojo\projeto\[caixaeletronico]\bin\testproject1.dll" id="7a1d35e5-5785-4a3a-c216-22705071e935">
      <Execution id="8b6de6a2-868f-4cda-b3e7-4a586b735d16" />
      <TestMethod codeBase="D:/Projeto/MercadoPleno/MPSC.Dojo/Projeto/[CaixaEletronico]/Bin/TestProject1.DLL" adapterTypeName="Microsoft.VisualStudio.TestTools.TestTypes.Unit.UnitTestAdapter, Microsoft.VisualStudio.QualityTools.Tips.UnitTest.Adapter, Version=10.0.0.0, Culture=neutral, PublicKeyToken=b03f5f7f11d50a3a" className="TestProject1.Nota2Test, TestProject1, Version=1.0.0.0, Culture=neutral, PublicKeyToken=null" name="Se_a_Nota_For_Uma_Nota_de_2_Reais_o_Valor_da_Nota_Deve_Ser_2" />
    </UnitTest>
    <UnitTest name="Se_a_Nota_For_Uma_Nota_de_20_Reais_o_Valor_da_Nota_Deve_Ser_20" storage="d:\projeto\mercadopleno\mpsc.dojo\projeto\[caixaeletronico]\bin\testproject1.dll" id="73dc9e4f-2c8c-d15e-d52f-d475af3a0850">
      <Execution id="cdf7aa22-b80e-4898-bfae-df46baa076d4" />
      <TestMethod codeBase="D:/Projeto/MercadoPleno/MPSC.Dojo/Projeto/[CaixaEletronico]/Bin/TestProject1.DLL" adapterTypeName="Microsoft.VisualStudio.TestTools.TestTypes.Unit.UnitTestAdapter, Microsoft.VisualStudio.QualityTools.Tips.UnitTest.Adapter, Version=10.0.0.0, Culture=neutral, PublicKeyToken=b03f5f7f11d50a3a" className="TestProject1.Nota20Test, TestProject1, Version=1.0.0.0, Culture=neutral, PublicKeyToken=null" name="Se_a_Nota_For_Uma_Nota_de_20_Reais_o_Valor_da_Nota_Deve_Ser_20" />
    </UnitTest>
    <UnitTest name="Se_a_Nota_For_Uma_Nota_de_50_Reais_o_Valor_da_Nota_Deve_Ser_50" storage="d:\projeto\mercadopleno\mpsc.dojo\projeto\[caixaeletronico]\bin\testproject1.dll" id="9457131f-544f-5591-8251-e7578deb6455">
      <Execution id="43dcdcfa-3376-47bd-a454-5fa420f2d744" />
      <TestMethod codeBase="D:/Projeto/MercadoPleno/MPSC.Dojo/Projeto/[CaixaEletronico]/Bin/TestProject1.DLL" adapterTypeName="Microsoft.VisualStudio.TestTools.TestTypes.Unit.UnitTestAdapter, Microsoft.VisualStudio.QualityTools.Tips.UnitTest.Adapter, Version=10.0.0.0, Culture=neutral, PublicKeyToken=b03f5f7f11d50a3a" className="TestProject1.Nota50Test, TestProject1, Version=1.0.0.0, Culture=neutral, PublicKeyToken=null" name="Se_a_Nota_For_Uma_Nota_de_50_Reais_o_Valor_da_Nota_Deve_Ser_50" />
    </UnitTest>
    <UnitTest name="Se_Clonar_10_Nota20_Deve_Retornar_10_Notas_de_20_Reais" storage="d:\projeto\mercadopleno\mpsc.dojo\projeto\[caixaeletronico]\bin\testproject1.dll" id="f1521d28-1897-ff2d-24cb-e2e9bf30c299">
      <Execution id="041ffbdd-168f-4888-adbc-5a71867f15aa" />
      <TestMethod codeBase="D:/Projeto/MercadoPleno/MPSC.Dojo/Projeto/[CaixaEletronico]/Bin/TestProject1.DLL" adapterTypeName="Microsoft.VisualStudio.TestTools.TestTypes.Unit.UnitTestAdapter, Microsoft.VisualStudio.QualityTools.Tips.UnitTest.Adapter, Version=10.0.0.0, Culture=neutral, PublicKeyToken=b03f5f7f11d50a3a" className="TestProject1.NotaTest, TestProject1, Version=1.0.0.0, Culture=neutral, PublicKeyToken=null" name="Se_Clonar_10_Nota20_Deve_Retornar_10_Notas_de_20_Reais" />
    </UnitTest>
    <UnitTest name="Se_Comparar_Uma_Nota_de_20_Reais_Com_Outra_Nota_De_20_Reais_a_Comparacao_Deve_Retornar_Zero" storage="d:\projeto\mercadopleno\mpsc.dojo\projeto\[caixaeletronico]\bin\testproject1.dll" id="30d2833d-3268-9b1c-8a50-e04e3b528867">
      <Execution id="3a5daca0-be1a-4925-9d8f-cbc129dc6530" />
      <TestMethod codeBase="D:/Projeto/MercadoPleno/MPSC.Dojo/Projeto/[CaixaEletronico]/Bin/TestProject1.DLL" adapterTypeName="Microsoft.VisualStudio.TestTools.TestTypes.Unit.UnitTestAdapter, Microsoft.VisualStudio.QualityTools.Tips.UnitTest.Adapter, Version=10.0.0.0, Culture=neutral, PublicKeyToken=b03f5f7f11d50a3a" className="TestProject1.NotaTest, TestProject1, Version=1.0.0.0, Culture=neutral, PublicKeyToken=null" name="Se_Comparar_Uma_Nota_de_20_Reais_Com_Outra_Nota_De_20_Reais_a_Comparacao_Deve_Retornar_Zero" />
    </UnitTest>
    <UnitTest name="Quando_Converter_Uma_Nota_de_10_Reais_Em_String_Deve_Retornar_RS_10_00" storage="d:\projeto\mercadopleno\mpsc.dojo\projeto\[caixaeletronico]\bin\testproject1.dll" id="5aa50530-99d6-523d-7662-f8973e20fdad">
      <Execution id="dcfe8496-b34b-4bff-b9fd-758098b70c7e" />
      <TestMethod codeBase="D:/Projeto/MercadoPleno/MPSC.Dojo/Projeto/[CaixaEletronico]/Bin/TestProject1.DLL" adapterTypeName="Microsoft.VisualStudio.TestTools.TestTypes.Unit.UnitTestAdapter, Microsoft.VisualStudio.QualityTools.Tips.UnitTest.Adapter, Version=10.0.0.0, Culture=neutral, PublicKeyToken=b03f5f7f11d50a3a" className="TestProject1.NotaTest, TestProject1, Version=1.0.0.0, Culture=neutral, PublicKeyToken=null" name="Quando_Converter_Uma_Nota_de_10_Reais_Em_String_Deve_Retornar_RS_10_00" />
    </UnitTest>
    <UnitTest name="Se_a_Nota_For_Uma_Nota_de_200_Reais_o_Valor_da_Nota_Deve_Ser_200" storage="d:\projeto\mercadopleno\mpsc.dojo\projeto\[caixaeletronico]\bin\testproject1.dll" id="84542a07-e847-6e27-8987-a1ab1ca1a9dd">
      <Execution id="bad284c0-a9c2-4083-8ef2-dbe0f9431796" />
      <TestMethod codeBase="D:/Projeto/MercadoPleno/MPSC.Dojo/Projeto/[CaixaEletronico]/Bin/TestProject1.DLL" adapterTypeName="Microsoft.VisualStudio.TestTools.TestTypes.Unit.UnitTestAdapter, Microsoft.VisualStudio.QualityTools.Tips.UnitTest.Adapter, Version=10.0.0.0, Culture=neutral, PublicKeyToken=b03f5f7f11d50a3a" className="TestProject1.Nota200Test, TestProject1, Version=1.0.0.0, Culture=neutral, PublicKeyToken=null" name="Se_a_Nota_For_Uma_Nota_de_200_Reais_o_Valor_da_Nota_Deve_Ser_200" />
    </UnitTest>
    <UnitTest name="Se_Sacar_50_Reais_Deve_Retornar_1_Nota_de_50_Reais" storage="d:\projeto\mercadopleno\mpsc.dojo\projeto\[caixaeletronico]\bin\testproject1.dll" id="ee3ccdff-4b66-cc42-0198-13b6ecbdf4b4">
      <Execution id="e5a55c06-3e72-491f-ab55-1081122ebc0d" />
      <TestMethod codeBase="D:/Projeto/MercadoPleno/MPSC.Dojo/Projeto/[CaixaEletronico]/Bin/TestProject1.DLL" adapterTypeName="Microsoft.VisualStudio.TestTools.TestTypes.Unit.UnitTestAdapter, Microsoft.VisualStudio.QualityTools.Tips.UnitTest.Adapter, Version=10.0.0.0, Culture=neutral, PublicKeyToken=b03f5f7f11d50a3a" className="TestProject1.SaqueTest, TestProject1, Version=1.0.0.0, Culture=neutral, PublicKeyToken=null" name="Se_Sacar_50_Reais_Deve_Retornar_1_Nota_de_50_Reais" />
    </UnitTest>
  </TestDefinitions>
  <TestLists>
    <TestList name="Results Not in a List" id="8c84fa94-04c1-424b-9868-57a2d4851a1d" />
    <TestList name="All Loaded Results" id="19431567-8539-422a-85d7-44ee4e166bda" />
  </TestLists>
  <TestEntries>
    <TestEntry testId="09d99368-afcb-506a-1958-6522c5224b65" executionId="6d6300f4-170e-4898-b858-7090a3f7a135" testListId="8c84fa94-04c1-424b-9868-57a2d4851a1d" />
    <TestEntry testId="197b5169-cc06-f432-df95-c320417e284f" executionId="a744c591-0808-41ca-b6f0-ef4ac6c733fd" testListId="8c84fa94-04c1-424b-9868-57a2d4851a1d" />
    <TestEntry testId="20a542dd-9550-7f48-a2d1-cd115ec38b68" executionId="ba80d781-a3a1-47ed-b08a-925fa959e716" testListId="8c84fa94-04c1-424b-9868-57a2d4851a1d" />
    <TestEntry testId="2107c396-686f-a326-6312-36d0c2bbc10a" executionId="32ed8b05-9812-4dec-bc10-15a32f7d9f1c" testListId="8c84fa94-04c1-424b-9868-57a2d4851a1d" />
    <TestEntry testId="22cd456a-186a-a466-38bb-b1e95e62ff48" executionId="267f09f3-2407-47c1-b26b-10fea20a5500" testListId="8c84fa94-04c1-424b-9868-57a2d4851a1d" />
    <TestEntry testId="29083e18-16cc-b146-14bb-a994d7dfb5b7" executionId="45b8ac3d-f730-484e-912f-bd5958785db4" testListId="8c84fa94-04c1-424b-9868-57a2d4851a1d" />
    <TestEntry testId="300b6de9-d0dc-1a87-dfbe-f0df6e7f5586" executionId="b7f18879-7e76-4a57-8797-d8ab1b034d85" testListId="8c84fa94-04c1-424b-9868-57a2d4851a1d" />
    <TestEntry testId="30d2833d-3268-9b1c-8a50-e04e3b528867" executionId="3a5daca0-be1a-4925-9d8f-cbc129dc6530" testListId="8c84fa94-04c1-424b-9868-57a2d4851a1d" />
    <TestEntry testId="44dacb2b-9dfe-dbb3-d5c6-9677f3b62d3d" executionId="acc1bd81-8834-4a79-ab62-85d3d0d1d694" testListId="8c84fa94-04c1-424b-9868-57a2d4851a1d" />
    <TestEntry testId="4797777f-bf26-36d3-2d38-6334817c033b" executionId="ddf8d0a5-bc77-4563-8062-e5bb089aae53" testListId="8c84fa94-04c1-424b-9868-57a2d4851a1d" />
    <TestEntry testId="55ee2f92-aab3-9094-983f-8cc302925878" executionId="d3dd75d5-52dd-499c-b7d4-064cc54c46ea" testListId="8c84fa94-04c1-424b-9868-57a2d4851a1d" />
    <TestEntry testId="5aa50530-99d6-523d-7662-f8973e20fdad" executionId="dcfe8496-b34b-4bff-b9fd-758098b70c7e" testListId="8c84fa94-04c1-424b-9868-57a2d4851a1d" />
    <TestEntry testId="5cc7b6b5-1411-8e85-cfa1-aea5ff3ae8e1" executionId="124dea6b-8890-4576-b51c-ac402b243100" testListId="8c84fa94-04c1-424b-9868-57a2d4851a1d" />
    <TestEntry testId="66cb628d-7acc-c9b1-8631-f96ca7d344e0" executionId="028832f0-71e1-49f3-be46-1f8230269c6c" testListId="8c84fa94-04c1-424b-9868-57a2d4851a1d" />
    <TestEntry testId="6e16e2f8-6dfa-d1ea-0438-ac6751dfb314" executionId="7150d6dc-b713-40dc-bae2-2ff28d98d537" testListId="8c84fa94-04c1-424b-9868-57a2d4851a1d" />
    <TestEntry testId="704680a5-4ea5-56e8-1845-06251993585e" executionId="21c12111-b5ee-4302-8093-42256345acee" testListId="8c84fa94-04c1-424b-9868-57a2d4851a1d" />
    <TestEntry testId="73dc9e4f-2c8c-d15e-d52f-d475af3a0850" executionId="cdf7aa22-b80e-4898-bfae-df46baa076d4" testListId="8c84fa94-04c1-424b-9868-57a2d4851a1d" />
    <TestEntry testId="7a1d35e5-5785-4a3a-c216-22705071e935" executionId="8b6de6a2-868f-4cda-b3e7-4a586b735d16" testListId="8c84fa94-04c1-424b-9868-57a2d4851a1d" />
    <TestEntry testId="80044c07-c8ee-f918-ee80-e471e604d7db" executionId="1ad0feba-27b8-4b3b-9339-c1f0bfe28f5f" testListId="8c84fa94-04c1-424b-9868-57a2d4851a1d" />
    <TestEntry testId="84542a07-e847-6e27-8987-a1ab1ca1a9dd" executionId="bad284c0-a9c2-4083-8ef2-dbe0f9431796" testListId="8c84fa94-04c1-424b-9868-57a2d4851a1d" />
    <TestEntry testId="860f946e-92b7-1543-98ff-8d2e7c3d4ef8" executionId="61bf3e70-bc18-492b-9cf2-c8bab98c203a" testListId="8c84fa94-04c1-424b-9868-57a2d4851a1d" />
    <TestEntry testId="930d456f-b8ae-0087-bd87-56faa6d32eba" executionId="fdcb8aef-f716-4950-80b3-b4dcc0796ecb" testListId="8c84fa94-04c1-424b-9868-57a2d4851a1d" />
    <TestEntry testId="9457131f-544f-5591-8251-e7578deb6455" executionId="43dcdcfa-3376-47bd-a454-5fa420f2d744" testListId="8c84fa94-04c1-424b-9868-57a2d4851a1d" />
    <TestEntry testId="a95c582e-4e43-0dde-2aad-13bd6187c9bc" executionId="79ffcd5d-9d03-4e7c-b034-84717b74f4c5" testListId="8c84fa94-04c1-424b-9868-57a2d4851a1d" />
    <TestEntry testId="b4cb7266-3ac4-2c40-b6b1-7b72353912d7" executionId="cee1ab06-04e0-4799-9b98-2af72ad2a12a" testListId="8c84fa94-04c1-424b-9868-57a2d4851a1d" />
    <TestEntry testId="b67200fb-ea1e-a607-753e-c37b9458bbb6" executionId="ddf0df46-2551-4c1c-9b9b-84ae9ff76047" testListId="8c84fa94-04c1-424b-9868-57a2d4851a1d" />
    <TestEntry testId="de16fd6c-5a2b-44da-e81b-4f630ecf4796" executionId="93590e60-5f66-401d-b6df-451b31afc559" testListId="8c84fa94-04c1-424b-9868-57a2d4851a1d" />
    <TestEntry testId="ec342dcf-0526-54d2-8c18-ca38d305f76e" executionId="96f9529b-f2e1-4761-b0e0-32c0fa8d467c" testListId="8c84fa94-04c1-424b-9868-57a2d4851a1d" />
    <TestEntry testId="ed9e88f8-debe-02e0-c578-2981478b820e" executionId="d4c3b462-d2f4-4dad-be83-a0a84d35c9bd" testListId="8c84fa94-04c1-424b-9868-57a2d4851a1d" />
    <TestEntry testId="ee3ccdff-4b66-cc42-0198-13b6ecbdf4b4" executionId="e5a55c06-3e72-491f-ab55-1081122ebc0d" testListId="8c84fa94-04c1-424b-9868-57a2d4851a1d" />
    <TestEntry testId="f1521d28-1897-ff2d-24cb-e2e9bf30c299" executionId="041ffbdd-168f-4888-adbc-5a71867f15aa" testListId="8c84fa94-04c1-424b-9868-57a2d4851a1d" />
    <TestEntry testId="f2cdae1c-5ebf-a493-0bc0-175f41d25da1" executionId="ea6a74da-7cac-4a60-be62-2b9dfa3b1cd3" testListId="8c84fa94-04c1-424b-9868-57a2d4851a1d" />
  </TestEntries>
  <Results>
    <UnitTestResult executionId="6d6300f4-170e-4898-b858-7090a3f7a135" testId="09d99368-afcb-506a-1958-6522c5224b65" testName="Se_Comparar_Uma_Nota_de_20_Reais_Com_Algum_Objeto_Que_Nao_Herda_De_Nota_a_Comparacao_Deve_Retornar_Zero" computerName="NOTECCE" duration="00:00:00.0208023" startTime="2014-01-29T21:10:54.5313872-02:00" endTime="2014-01-29T21:10:54.8334044-02:00" testType="13cdc9d9-ddb5-4fa4-a97d-d965ccfc6d4b" outcome="Passed" testListId="8c84fa94-04c1-424b-9868-57a2d4851a1d" relativeResultsDirectory="6d6300f4-170e-4898-b858-7090a3f7a135">
    </UnitTestResult>
    <UnitTestResult executionId="a744c591-0808-41ca-b6f0-ef4ac6c733fd" testId="197b5169-cc06-f432-df95-c320417e284f" testName="Se_Sacar_190_Reais_Deve_Retornar_1_Nota_de_100_Reais_1_Nota_de_50_Reais_2_Notas_de_20_Reais_e_0_Notas_de_10_Reais" computerName="NOTECCE" duration="00:00:00.0041626" startTime="2014-01-29T21:10:54.8344045-02:00" endTime="2014-01-29T21:10:54.8444051-02:00" testType="13cdc9d9-ddb5-4fa4-a97d-d965ccfc6d4b" outcome="Passed" testListId="8c84fa94-04c1-424b-9868-57a2d4851a1d" relativeResultsDirectory="a744c591-0808-41ca-b6f0-ef4ac6c733fd">
    </UnitTestResult>
    <UnitTestResult executionId="ba80d781-a3a1-47ed-b08a-925fa959e716" testId="20a542dd-9550-7f48-a2d1-cd115ec38b68" testName="Se_Clonar_10_Nota5_Deve_Retornar_10_Notas_de_5_Reais" computerName="NOTECCE" duration="00:00:00.0006773" startTime="2014-01-29T21:10:54.8454051-02:00" endTime="2014-01-29T21:10:54.8514055-02:00" testType="13cdc9d9-ddb5-4fa4-a97d-d965ccfc6d4b" outcome="Passed" testListId="8c84fa94-04c1-424b-9868-57a2d4851a1d" relativeResultsDirectory="ba80d781-a3a1-47ed-b08a-925fa959e716">
    </UnitTestResult>
    <UnitTestResult executionId="32ed8b05-9812-4dec-bc10-15a32f7d9f1c" testId="2107c396-686f-a326-6312-36d0c2bbc10a" testName="Quando_Converter_Uma_Nota_de_100_Reais_Em_String_Deve_Retornar_RS_100_00" computerName="NOTECCE" duration="00:00:00.0003822" startTime="2014-01-29T21:10:54.8524055-02:00" endTime="2014-01-29T21:10:54.8584059-02:00" testType="13cdc9d9-ddb5-4fa4-a97d-d965ccfc6d4b" outcome="Passed" testListId="8c84fa94-04c1-424b-9868-57a2d4851a1d" relativeResultsDirectory="32ed8b05-9812-4dec-bc10-15a32f7d9f1c">
    </UnitTestResult>
    <UnitTestResult executionId="267f09f3-2407-47c1-b26b-10fea20a5500" testId="22cd456a-186a-a466-38bb-b1e95e62ff48" testName="Se_Clonar_10_Nota2_Deve_Retornar_10_Notas_de_2_Reais" computerName="NOTECCE" duration="00:00:00.0006357" startTime="2014-01-29T21:10:54.8594059-02:00" endTime="2014-01-29T21:10:54.8664063-02:00" testType="13cdc9d9-ddb5-4fa4-a97d-d965ccfc6d4b" outcome="Passed" testListId="8c84fa94-04c1-424b-9868-57a2d4851a1d" relativeResultsDirectory="267f09f3-2407-47c1-b26b-10fea20a5500">
    </UnitTestResult>
    <UnitTestResult executionId="45b8ac3d-f730-484e-912f-bd5958785db4" testId="29083e18-16cc-b146-14bb-a994d7dfb5b7" testName="Se_Clonar_10_Nota10_Deve_Retornar_10_Notas_de_10_Reais" computerName="NOTECCE" duration="00:00:00.0604309" startTime="2014-01-29T21:10:54.8674064-02:00" endTime="2014-01-29T21:10:54.9334102-02:00" testType="13cdc9d9-ddb5-4fa4-a97d-d965ccfc6d4b" outcome="Failed" testListId="8c84fa94-04c1-424b-9868-57a2d4851a1d" relativeResultsDirectory="45b8ac3d-f730-484e-912f-bd5958785db4">
      <Output>
        <ErrorInfo>
          <Message>Assert.AreEqual failed. Expected:&lt;10&gt;. Actual:&lt;0&gt;. </Message>
          <StackTrace>   em TestProject1.NotaTest.Se_Clonar_10_Nota10_Deve_Retornar_10_Notas_de_10_Reais() na D:\Projeto\MercadoPleno\MPSC.Dojo\Projeto\[CaixaEletronico]\CaixaEletronicoTest\NotaTest.cs:linha 42
</StackTrace>
        </ErrorInfo>
      </Output>
    </UnitTestResult>
    <UnitTestResult executionId="b7f18879-7e76-4a57-8797-d8ab1b034d85" testId="300b6de9-d0dc-1a87-dfbe-f0df6e7f5586" testName="Se_Sacar_30_Reais_Deve_Retornar_1_Nota_de_20_Reais_e_1_Nota_de_10_Reais" computerName="NOTECCE" duration="00:00:00.0099898" startTime="2014-01-29T21:10:54.9344102-02:00" endTime="2014-01-29T21:10:54.9524112-02:00" testType="13cdc9d9-ddb5-4fa4-a97d-d965ccfc6d4b" outcome="Failed" testListId="8c84fa94-04c1-424b-9868-57a2d4851a1d" relativeResultsDirectory="b7f18879-7e76-4a57-8797-d8ab1b034d85">
      <Output>
        <ErrorInfo>
          <Message>Test method TestProject1.SaqueTest.Se_Sacar_30_Reais_Deve_Retornar_1_Nota_de_20_Reais_e_1_Nota_de_10_Reais threw exception: 
System.ArgumentOutOfRangeException: O valor do saque não é um múltiplo de R$ 20,00
Nome do parâmetro: valor
Valor real era 30.</Message>
          <StackTrace>    em CaixaEletronico.Saque.Sacar(Int32 valor) na D:\Projeto\MercadoPleno\MPSC.Dojo\Projeto\[CaixaEletronico]\CaixaEletronico\Saque.cs:linha 41
   em TestProject1.SaqueTest.Se_Sacar_30_Reais_Deve_Retornar_1_Nota_de_20_Reais_e_1_Nota_de_10_Reais() na D:\Projeto\MercadoPleno\MPSC.Dojo\Projeto\[CaixaEletronico]\CaixaEletronicoTest\SaqueTest.cs:linha 87
</StackTrace>
        </ErrorInfo>
      </Output>
    </UnitTestResult>
    <UnitTestResult executionId="3a5daca0-be1a-4925-9d8f-cbc129dc6530" testId="30d2833d-3268-9b1c-8a50-e04e3b528867" testName="Se_Comparar_Uma_Nota_de_20_Reais_Com_Outra_Nota_De_20_Reais_a_Comparacao_Deve_Retornar_Zero" computerName="NOTECCE" duration="00:00:00.0002155" startTime="2014-01-29T21:10:54.9594116-02:00" endTime="2014-01-29T21:10:54.9664120-02:00" testType="13cdc9d9-ddb5-4fa4-a97d-d965ccfc6d4b" outcome="Passed" testListId="8c84fa94-04c1-424b-9868-57a2d4851a1d" relativeResultsDirectory="3a5daca0-be1a-4925-9d8f-cbc129dc6530">
    </UnitTestResult>
    <UnitTestResult executionId="acc1bd81-8834-4a79-ab62-85d3d0d1d694" testId="44dacb2b-9dfe-dbb3-d5c6-9677f3b62d3d" testName="Se_a_Nota_For_Uma_Nota_de_5_Reais_o_Valor_da_Nota_Deve_Ser_5" computerName="NOTECCE" duration="00:00:00.0003012" startTime="2014-01-29T21:10:54.9674121-02:00" endTime="2014-01-29T21:10:54.9734124-02:00" testType="13cdc9d9-ddb5-4fa4-a97d-d965ccfc6d4b" outcome="Passed" testListId="8c84fa94-04c1-424b-9868-57a2d4851a1d" relativeResultsDirectory="acc1bd81-8834-4a79-ab62-85d3d0d1d694">
    </UnitTestResult>
    <UnitTestResult executionId="ddf8d0a5-bc77-4563-8062-e5bb089aae53" testId="4797777f-bf26-36d3-2d38-6334817c033b" testName="Se_Sacar_80_Reais_Deve_Retornar_1_Nota_de_50_Reais_1_Nota_de_20_Reais_e_1_Nota_de_10_Reais" computerName="NOTECCE" duration="00:00:00.0032969" startTime="2014-01-29T21:10:54.9744125-02:00" endTime="2014-01-29T21:10:54.9834130-02:00" testType="13cdc9d9-ddb5-4fa4-a97d-d965ccfc6d4b" outcome="Failed" testListId="8c84fa94-04c1-424b-9868-57a2d4851a1d" relativeResultsDirectory="ddf8d0a5-bc77-4563-8062-e5bb089aae53">
      <Output>
        <ErrorInfo>
          <Message>Test method TestProject1.SaqueTest.Se_Sacar_80_Reais_Deve_Retornar_1_Nota_de_50_Reais_1_Nota_de_20_Reais_e_1_Nota_de_10_Reais threw exception: 
System.ArgumentOutOfRangeException: O valor do saque não é um múltiplo de R$ 20,00
Nome do parâmetro: valor
Valor real era 80.</Message>
          <StackTrace>    em CaixaEletronico.Saque.Sacar(Int32 valor) na D:\Projeto\MercadoPleno\MPSC.Dojo\Projeto\[CaixaEletronico]\CaixaEletronico\Saque.cs:linha 41
   em TestProject1.SaqueTest.Se_Sacar_80_Reais_Deve_Retornar_1_Nota_de_50_Reais_1_Nota_de_20_Reais_e_1_Nota_de_10_Reais() na D:\Projeto\MercadoPleno\MPSC.Dojo\Projeto\[CaixaEletronico]\CaixaEletronicoTest\SaqueTest.cs:linha 102
</StackTrace>
        </ErrorInfo>
      </Output>
    </UnitTestResult>
    <UnitTestResult executionId="d3dd75d5-52dd-499c-b7d4-064cc54c46ea" testId="55ee2f92-aab3-9094-983f-8cc302925878" testName="Se_Comparar_Uma_Nota_de_20_Reais_Com_Nulo_a_Comparacao_Deve_Retornar_Zero" computerName="NOTECCE" duration="00:00:00.0002463" startTime="2014-01-29T21:10:54.9844131-02:00" endTime="2014-01-29T21:10:54.9904134-02:00" testType="13cdc9d9-ddb5-4fa4-a97d-d965ccfc6d4b" outcome="Passed" testListId="8c84fa94-04c1-424b-9868-57a2d4851a1d" relativeResultsDirectory="d3dd75d5-52dd-499c-b7d4-064cc54c46ea">
    </UnitTestResult>
    <UnitTestResult executionId="dcfe8496-b34b-4bff-b9fd-758098b70c7e" testId="5aa50530-99d6-523d-7662-f8973e20fdad" testName="Quando_Converter_Uma_Nota_de_10_Reais_Em_String_Deve_Retornar_RS_10_00" computerName="NOTECCE" duration="00:00:00.0024892" startTime="2014-01-29T21:10:54.9914135-02:00" endTime="2014-01-29T21:10:55.0004140-02:00" testType="13cdc9d9-ddb5-4fa4-a97d-d965ccfc6d4b" outcome="Failed" testListId="8c84fa94-04c1-424b-9868-57a2d4851a1d" relativeResultsDirectory="dcfe8496-b34b-4bff-b9fd-758098b70c7e">
      <Output>
        <ErrorInfo>
          <Message>Assert.AreEqual failed. Expected:&lt;R$ 10,00&gt;. Actual:&lt;R$ 100,00&gt;. </Message>
          <StackTrace>   em TestProject1.NotaTest.Quando_Converter_Uma_Nota_de_10_Reais_Em_String_Deve_Retornar_RS_10_00() na D:\Projeto\MercadoPleno\MPSC.Dojo\Projeto\[CaixaEletronico]\CaixaEletronicoTest\NotaTest.cs:linha 134
</StackTrace>
        </ErrorInfo>
      </Output>
    </UnitTestResult>
    <UnitTestResult executionId="124dea6b-8890-4576-b51c-ac402b243100" testId="5cc7b6b5-1411-8e85-cfa1-aea5ff3ae8e1" testName="Se_Tentar_Sacar_Centavos_ou_Valores_Menores_Que_10_Reais_Deve_Disparar_Excecao" computerName="NOTECCE" duration="00:00:00.0009996" startTime="2014-01-29T21:10:55.0004140-02:00" endTime="2014-01-29T21:10:55.0074144-02:00" testType="13cdc9d9-ddb5-4fa4-a97d-d965ccfc6d4b" outcome="Passed" testListId="8c84fa94-04c1-424b-9868-57a2d4851a1d" relativeResultsDirectory="124dea6b-8890-4576-b51c-ac402b243100">
    </UnitTestResult>
    <UnitTestResult executionId="028832f0-71e1-49f3-be46-1f8230269c6c" testId="66cb628d-7acc-c9b1-8631-f96ca7d344e0" testName="Se_Comparar_Uma_Nota_de_20_Reais_Com_Outra_Nota_De_50_Reais_a_Comparacao_Deve_Retornar_1_Negativo" computerName="NOTECCE" duration="00:00:00.0002729" startTime="2014-01-29T21:10:55.0084144-02:00" endTime="2014-01-29T21:10:55.0144148-02:00" testType="13cdc9d9-ddb5-4fa4-a97d-d965ccfc6d4b" outcome="Passed" testListId="8c84fa94-04c1-424b-9868-57a2d4851a1d" relativeResultsDirectory="028832f0-71e1-49f3-be46-1f8230269c6c">
    </UnitTestResult>
    <UnitTestResult executionId="7150d6dc-b713-40dc-bae2-2ff28d98d537" testId="6e16e2f8-6dfa-d1ea-0438-ac6751dfb314" testName="Se_Sacar_20_Reais_Deve_Retornar_1_Nota_de_20_Reais" computerName="NOTECCE" duration="00:00:00.0005937" startTime="2014-01-29T21:10:55.0164149-02:00" endTime="2014-01-29T21:10:55.0224152-02:00" testType="13cdc9d9-ddb5-4fa4-a97d-d965ccfc6d4b" outcome="Passed" testListId="8c84fa94-04c1-424b-9868-57a2d4851a1d" relativeResultsDirectory="7150d6dc-b713-40dc-bae2-2ff28d98d537">
    </UnitTestResult>
    <UnitTestResult executionId="21c12111-b5ee-4302-8093-42256345acee" testId="704680a5-4ea5-56e8-1845-06251993585e" testName="Se_Sacar_100_Reais_Deve_Retornar_1_Nota_de_100_Reais" computerName="NOTECCE" duration="00:00:00.0011268" startTime="2014-01-29T21:10:55.0234153-02:00" endTime="2014-01-29T21:10:55.0314158-02:00" testType="13cdc9d9-ddb5-4fa4-a97d-d965ccfc6d4b" outcome="Passed" testListId="8c84fa94-04c1-424b-9868-57a2d4851a1d" relativeResultsDirectory="21c12111-b5ee-4302-8093-42256345acee">
    </UnitTestResult>
    <UnitTestResult executionId="cdf7aa22-b80e-4898-bfae-df46baa076d4" testId="73dc9e4f-2c8c-d15e-d52f-d475af3a0850" testName="Se_a_Nota_For_Uma_Nota_de_20_Reais_o_Valor_da_Nota_Deve_Ser_20" computerName="NOTECCE" duration="00:00:00.0003812" startTime="2014-01-29T21:10:55.0334159-02:00" endTime="2014-01-29T21:10:55.0404163-02:00" testType="13cdc9d9-ddb5-4fa4-a97d-d965ccfc6d4b" outcome="Passed" testListId="8c84fa94-04c1-424b-9868-57a2d4851a1d" relativeResultsDirectory="cdf7aa22-b80e-4898-bfae-df46baa076d4">
    </UnitTestResult>
    <UnitTestResult executionId="8b6de6a2-868f-4cda-b3e7-4a586b735d16" testId="7a1d35e5-5785-4a3a-c216-22705071e935" testName="Se_a_Nota_For_Uma_Nota_de_2_Reais_o_Valor_da_Nota_Deve_Ser_2" computerName="NOTECCE" duration="00:00:00.0003540" startTime="2014-01-29T21:10:55.0414163-02:00" endTime="2014-01-29T21:10:55.0494168-02:00" testType="13cdc9d9-ddb5-4fa4-a97d-d965ccfc6d4b" outcome="Passed" testListId="8c84fa94-04c1-424b-9868-57a2d4851a1d" relativeResultsDirectory="8b6de6a2-868f-4cda-b3e7-4a586b735d16">
    </UnitTestResult>
    <UnitTestResult executionId="1ad0feba-27b8-4b3b-9339-c1f0bfe28f5f" testId="80044c07-c8ee-f918-ee80-e471e604d7db" testName="Se_Clonar_10_Nota50_Deve_Retornar_10_Notas_de_50_Reais" computerName="NOTECCE" duration="00:00:00.0006481" startTime="2014-01-29T21:10:55.0504168-02:00" endTime="2014-01-29T21:10:55.0574172-02:00" testType="13cdc9d9-ddb5-4fa4-a97d-d965ccfc6d4b" outcome="Passed" testListId="8c84fa94-04c1-424b-9868-57a2d4851a1d" relativeResultsDirectory="1ad0feba-27b8-4b3b-9339-c1f0bfe28f5f">
    </UnitTestResult>
    <UnitTestResult executionId="bad284c0-a9c2-4083-8ef2-dbe0f9431796" testId="84542a07-e847-6e27-8987-a1ab1ca1a9dd" testName="Se_a_Nota_For_Uma_Nota_de_200_Reais_o_Valor_da_Nota_Deve_Ser_200" computerName="NOTECCE" duration="00:00:00.0005126" startTime="2014-01-29T21:10:55.0584173-02:00" endTime="2014-01-29T21:10:55.0664178-02:00" testType="13cdc9d9-ddb5-4fa4-a97d-d965ccfc6d4b" outcome="Passed" testListId="8c84fa94-04c1-424b-9868-57a2d4851a1d" relativeResultsDirectory="bad284c0-a9c2-4083-8ef2-dbe0f9431796">
    </UnitTestResult>
    <UnitTestResult executionId="61bf3e70-bc18-492b-9cf2-c8bab98c203a" testId="860f946e-92b7-1543-98ff-8d2e7c3d4ef8" testName="Quando_Converter_Uma_Nota_de_20_Reais_Em_String_Deve_Retornar_RS_20_00" computerName="NOTECCE" duration="00:00:00.0003125" startTime="2014-01-29T21:10:55.0674178-02:00" endTime="2014-01-29T21:10:55.0744182-02:00" testType="13cdc9d9-ddb5-4fa4-a97d-d965ccfc6d4b" outcome="Passed" testListId="8c84fa94-04c1-424b-9868-57a2d4851a1d" relativeResultsDirectory="61bf3e70-bc18-492b-9cf2-c8bab98c203a">
    </UnitTestResult>
    <UnitTestResult executionId="fdcb8aef-f716-4950-80b3-b4dcc0796ecb" testId="930d456f-b8ae-0087-bd87-56faa6d32eba" testName="Se_a_Nota_For_Uma_Nota_de_10_Reais_o_Valor_da_Nota_Deve_Ser_10" computerName="NOTECCE" duration="00:00:00.0033528" startTime="2014-01-29T21:10:55.0754183-02:00" endTime="2014-01-29T21:10:55.0864189-02:00" testType="13cdc9d9-ddb5-4fa4-a97d-d965ccfc6d4b" outcome="Failed" testListId="8c84fa94-04c1-424b-9868-57a2d4851a1d" relativeResultsDirectory="fdcb8aef-f716-4950-80b3-b4dcc0796ecb">
      <Output>
        <ErrorInfo>
          <Message>Assert.AreEqual failed. Expected:&lt;10&gt;. Actual:&lt;100&gt;. Valor da Nota</Message>
          <StackTrace>   em TestProject1.Nota10Test.Se_a_Nota_For_Uma_Nota_de_10_Reais_o_Valor_da_Nota_Deve_Ser_10() na D:\Projeto\MercadoPleno\MPSC.Dojo\Projeto\[CaixaEletronico]\CaixaEletronicoTest\Nota10Test.cs:linha 15
</StackTrace>
        </ErrorInfo>
      </Output>
    </UnitTestResult>
    <UnitTestResult executionId="43dcdcfa-3376-47bd-a454-5fa420f2d744" testId="9457131f-544f-5591-8251-e7578deb6455" testName="Se_a_Nota_For_Uma_Nota_de_50_Reais_o_Valor_da_Nota_Deve_Ser_50" computerName="NOTECCE" duration="00:00:00.0003592" startTime="2014-01-29T21:10:55.0864189-02:00" endTime="2014-01-29T21:10:55.0934193-02:00" testType="13cdc9d9-ddb5-4fa4-a97d-d965ccfc6d4b" outcome="Passed" testListId="8c84fa94-04c1-424b-9868-57a2d4851a1d" relativeResultsDirectory="43dcdcfa-3376-47bd-a454-5fa420f2d744">
    </UnitTestResult>
    <UnitTestResult executionId="79ffcd5d-9d03-4e7c-b034-84717b74f4c5" testId="a95c582e-4e43-0dde-2aad-13bd6187c9bc" testName="Se_Sacar_180_Reais_Deve_Retornar_1_Nota_de_100_Reais_1_Nota_de_50_Reais_1_Nota_de_20_Reais_e_1_Nota_de_10_Reais" computerName="NOTECCE" duration="00:00:00.0028181" startTime="2014-01-29T21:10:55.0944194-02:00" endTime="2014-01-29T21:10:55.1034199-02:00" testType="13cdc9d9-ddb5-4fa4-a97d-d965ccfc6d4b" outcome="Failed" testListId="8c84fa94-04c1-424b-9868-57a2d4851a1d" relativeResultsDirectory="79ffcd5d-9d03-4e7c-b034-84717b74f4c5">
      <Output>
        <ErrorInfo>
          <Message>Test method TestProject1.SaqueTest.Se_Sacar_180_Reais_Deve_Retornar_1_Nota_de_100_Reais_1_Nota_de_50_Reais_1_Nota_de_20_Reais_e_1_Nota_de_10_Reais threw exception: 
System.ArgumentOutOfRangeException: O valor do saque não é um múltiplo de R$ 20,00
Nome do parâmetro: valor
Valor real era 180.</Message>
          <StackTrace>    em CaixaEletronico.Saque.Sacar(Int32 valor) na D:\Projeto\MercadoPleno\MPSC.Dojo\Projeto\[CaixaEletronico]\CaixaEletronico\Saque.cs:linha 41
   em TestProject1.SaqueTest.Se_Sacar_180_Reais_Deve_Retornar_1_Nota_de_100_Reais_1_Nota_de_50_Reais_1_Nota_de_20_Reais_e_1_Nota_de_10_Reais() na D:\Projeto\MercadoPleno\MPSC.Dojo\Projeto\[CaixaEletronico]\CaixaEletronicoTest\SaqueTest.cs:linha 118
</StackTrace>
        </ErrorInfo>
      </Output>
    </UnitTestResult>
    <UnitTestResult executionId="cee1ab06-04e0-4799-9b98-2af72ad2a12a" testId="b4cb7266-3ac4-2c40-b6b1-7b72353912d7" testName="Se_Tentar_Sacar_Valores_Maiores_e_Nao_Multiplos_de_10_Reais_Deve_Disparar_Excecao" computerName="NOTECCE" duration="00:00:00.0009210" startTime="2014-01-29T21:10:55.1044199-02:00" endTime="2014-01-29T21:10:55.1114203-02:00" testType="13cdc9d9-ddb5-4fa4-a97d-d965ccfc6d4b" outcome="Passed" testListId="8c84fa94-04c1-424b-9868-57a2d4851a1d" relativeResultsDirectory="cee1ab06-04e0-4799-9b98-2af72ad2a12a">
    </UnitTestResult>
    <UnitTestResult executionId="ddf0df46-2551-4c1c-9b9b-84ae9ff76047" testId="b67200fb-ea1e-a607-753e-c37b9458bbb6" testName="Se_a_Nota_For_Uma_Nota_de_100_Reais_o_Valor_da_Nota_Deve_Ser_100" computerName="NOTECCE" duration="00:00:00.0004366" startTime="2014-01-29T21:10:55.1144205-02:00" endTime="2014-01-29T21:10:55.1214209-02:00" testType="13cdc9d9-ddb5-4fa4-a97d-d965ccfc6d4b" outcome="Passed" testListId="8c84fa94-04c1-424b-9868-57a2d4851a1d" relativeResultsDirectory="ddf0df46-2551-4c1c-9b9b-84ae9ff76047">
    </UnitTestResult>
    <UnitTestResult executionId="93590e60-5f66-401d-b6df-451b31afc559" testId="de16fd6c-5a2b-44da-e81b-4f630ecf4796" testName="Se_Comparar_Uma_Nota_de_20_Reais_Com_Outra_Nota_De_10_Reais_a_Comparacao_Deve_Retornar_1_Positivo" computerName="NOTECCE" duration="00:00:00.0025821" startTime="2014-01-29T21:10:55.1224210-02:00" endTime="2014-01-29T21:10:55.1304214-02:00" testType="13cdc9d9-ddb5-4fa4-a97d-d965ccfc6d4b" outcome="Failed" testListId="8c84fa94-04c1-424b-9868-57a2d4851a1d" relativeResultsDirectory="93590e60-5f66-401d-b6df-451b31afc559">
      <Output>
        <ErrorInfo>
          <Message>Assert.AreEqual failed. Expected:&lt;1&gt;. Actual:&lt;-1&gt;. </Message>
          <StackTrace>   em TestProject1.NotaTest.Se_Comparar_Uma_Nota_de_20_Reais_Com_Outra_Nota_De_10_Reais_a_Comparacao_Deve_Retornar_1_Positivo() na D:\Projeto\MercadoPleno\MPSC.Dojo\Projeto\[CaixaEletronico]\CaixaEletronicoTest\NotaTest.cs:linha 85
</StackTrace>
        </ErrorInfo>
      </Output>
    </UnitTestResult>
    <UnitTestResult executionId="96f9529b-f2e1-4761-b0e0-32c0fa8d467c" testId="ec342dcf-0526-54d2-8c18-ca38d305f76e" testName="Quando_Converter_Uma_Nota_de_50_Reais_Em_String_Deve_Retornar_RS_50_00" computerName="NOTECCE" duration="00:00:00.0003114" startTime="2014-01-29T21:10:55.1314215-02:00" endTime="2014-01-29T21:10:55.1384219-02:00" testType="13cdc9d9-ddb5-4fa4-a97d-d965ccfc6d4b" outcome="Passed" testListId="8c84fa94-04c1-424b-9868-57a2d4851a1d" relativeResultsDirectory="96f9529b-f2e1-4761-b0e0-32c0fa8d467c">
    </UnitTestResult>
    <UnitTestResult executionId="d4c3b462-d2f4-4dad-be83-a0a84d35c9bd" testId="ed9e88f8-debe-02e0-c578-2981478b820e" testName="Se_Clonar_10_Nota100_Deve_Retornar_10_Notas_de_100_Reais" computerName="NOTECCE" duration="00:00:00.0006327" startTime="2014-01-29T21:10:55.1394219-02:00" endTime="2014-01-29T21:10:55.1464223-02:00" testType="13cdc9d9-ddb5-4fa4-a97d-d965ccfc6d4b" outcome="Passed" testListId="8c84fa94-04c1-424b-9868-57a2d4851a1d" relativeResultsDirectory="d4c3b462-d2f4-4dad-be83-a0a84d35c9bd">
    </UnitTestResult>
    <UnitTestResult executionId="e5a55c06-3e72-491f-ab55-1081122ebc0d" testId="ee3ccdff-4b66-cc42-0198-13b6ecbdf4b4" testName="Se_Sacar_50_Reais_Deve_Retornar_1_Nota_de_50_Reais" computerName="NOTECCE" duration="00:00:00.0007409" startTime="2014-01-29T21:10:55.1474224-02:00" endTime="2014-01-29T21:10:55.1544228-02:00" testType="13cdc9d9-ddb5-4fa4-a97d-d965ccfc6d4b" outcome="Passed" testListId="8c84fa94-04c1-424b-9868-57a2d4851a1d" relativeResultsDirectory="e5a55c06-3e72-491f-ab55-1081122ebc0d">
    </UnitTestResult>
    <UnitTestResult executionId="041ffbdd-168f-4888-adbc-5a71867f15aa" testId="f1521d28-1897-ff2d-24cb-e2e9bf30c299" testName="Se_Clonar_10_Nota20_Deve_Retornar_10_Notas_de_20_Reais" computerName="NOTECCE" duration="00:00:00.0011196" startTime="2014-01-29T21:10:55.1564229-02:00" endTime="2014-01-29T21:10:55.1664235-02:00" testType="13cdc9d9-ddb5-4fa4-a97d-d965ccfc6d4b" outcome="Passed" testListId="8c84fa94-04c1-424b-9868-57a2d4851a1d" relativeResultsDirectory="041ffbdd-168f-4888-adbc-5a71867f15aa">
    </UnitTestResult>
    <UnitTestResult executionId="ea6a74da-7cac-4a60-be62-2b9dfa3b1cd3" testId="f2cdae1c-5ebf-a493-0bc0-175f41d25da1" testName="Se_Sacar_10_Reais_Deve_Retornar_1_Nota_de_10_Reais" computerName="NOTECCE" duration="00:00:00.0036936" startTime="2014-01-29T21:10:55.1674235-02:00" endTime="2014-01-29T21:10:55.1804243-02:00" testType="13cdc9d9-ddb5-4fa4-a97d-d965ccfc6d4b" outcome="Failed" testListId="8c84fa94-04c1-424b-9868-57a2d4851a1d" relativeResultsDirectory="ea6a74da-7cac-4a60-be62-2b9dfa3b1cd3">
      <Output>
        <ErrorInfo>
          <Message>Test method TestProject1.SaqueTest.Se_Sacar_10_Reais_Deve_Retornar_1_Nota_de_10_Reais threw exception: 
System.ArgumentOutOfRangeException: O valor do saque não pode ser menor que R$ 20,00
Nome do parâmetro: valor
Valor real era 10.</Message>
          <StackTrace>    em CaixaEletronico.Saque.Sacar(Int32 valor) na D:\Projeto\MercadoPleno\MPSC.Dojo\Projeto\[CaixaEletronico]\CaixaEletronico\Saque.cs:linha 26
   em TestProject1.SaqueTest.Se_Sacar_10_Reais_Deve_Retornar_1_Nota_de_10_Reais() na D:\Projeto\MercadoPleno\MPSC.Dojo\Projeto\[CaixaEletronico]\CaixaEletronicoTest\SaqueTest.cs:linha 17
</StackTrace>
        </ErrorInfo>
      </Output>
    </UnitTestResult>
  </Results>
</TestRun>